src/App.tsx(124,10): error TS6133: 'AdminBannerBridge' is declared but its value is never read.
src/components/admin/AdminActionMenu.tsx(1,8): error TS6133: 'React' is declared but its value is never read.
src/components/admin/LiveTile.tsx(1,1): error TS6133: 'React' is declared but its value is never read.
src/components/AppLoader.tsx(1,8): error TS6133: 'React' is declared but its value is never read.
src/components/EmergencyQuickDial.tsx(1,1): error TS6133: 'React' is declared but its value is never read.
src/components/FamilySafetyTools.tsx(1,8): error TS6133: 'React' is declared but its value is never read.
src/components/GuardianContent.tsx(1,8): error TS6133: 'React' is declared but its value is never read.
src/components/ModeSelector.tsx(1,8): error TS6133: 'React' is declared but its value is never read.
src/components/ModeSelector.tsx(2,1): error TS6133: 'motion' is declared but its value is never read.
src/components/Navigation.tsx(1,8): error TS6133: 'React' is declared but its value is never read.
src/components/Navigation.tsx(5,1): error TS6133: 'SystemLogo' is declared but its value is never read.
src/components/OfflineBanner.tsx(1,8): error TS6133: 'React' is declared but its value is never read.
src/components/OnboardingFlow.tsx(1,8): error TS6133: 'React' is declared but its value is never read.
src/components/QuickHelpButton.tsx(1,8): error TS6133: 'React' is declared but its value is never read.
src/components/SafetyProfileWizard.tsx(4,1): error TS6133: 'useMode' is declared but its value is never read.
src/components/SystemLogo.tsx(1,1): error TS6133: 'React' is declared but its value is never read.
src/components/ui/AlertBanner.tsx(1,8): error TS6133: 'React' is declared but its value is never read.
src/components/ui/EmptyState.tsx(1,1): error TS6133: 'React' is declared but its value is never read.
src/components/ui/LoadingSkeleton.tsx(1,1): error TS6133: 'React' is declared but its value is never read.
src/components/ui/RiskIndicator.tsx(1,1): error TS6133: 'React' is declared but its value is never read.
src/components/ui/Tooltip.tsx(11,22): error TS2554: Expected 1 arguments, but got 0.
src/components/VoiceNarration.tsx(1,8): error TS6133: 'React' is declared but its value is never read.
src/components/VoiceNarration.tsx(2,28): error TS6133: 'Play' is declared but its value is never read.
src/components/VoiceNarration.tsx(2,34): error TS6133: 'Pause' is declared but its value is never read.
src/components/WhatShouldIDoNow.tsx(1,8): error TS6133: 'React' is declared but its value is never read.
src/hooks/usePlatformRealtimeSync.ts(165,5): error TS2322: Type 'number' is not assignable to type 'Timeout'.
src/index.tsx(2,1): error TS6133: 'React' is declared but its value is never read.
src/pages/admin/AdminCommandCenter.tsx(1,17): error TS6133: 'useState' is declared but its value is never read.
src/pages/admin/AdminLayout.tsx(1,1): error TS6133: 'React' is declared but its value is never read.
src/pages/admin/AdminLayout.tsx(3,32): error TS6133: 'MessageSquare' is declared but its value is never read.
src/pages/admin/AdminLayout.tsx(3,146): error TS6133: 'Monitor' is declared but its value is never read.
src/pages/admin/AdminLayout.tsx(3,163): error TS6133: 'Users' is declared but its value is never read.
src/pages/admin/AdminLayout.tsx(3,170): error TS6133: 'Bot' is declared but its value is never read.
src/pages/admin/AgricultureConsole.tsx(1,8): error TS6133: 'React' is declared but its value is never read.
src/pages/admin/AgricultureConsole.tsx(2,18): error TS6133: 'CloudRain' is declared but its value is never read.
src/pages/admin/AgricultureConsole.tsx(2,29): error TS6133: 'Droplets' is declared but its value is never read.
src/pages/admin/AgricultureConsole.tsx(2,39): error TS6133: 'Tractor' is declared but its value is never read.
src/pages/admin/AgricultureConsole.tsx(2,63): error TS6133: 'TrendingDown' is declared but its value is never read.
src/pages/admin/AgricultureConsole.tsx(2,84): error TS6133: 'Fish' is declared but its value is never read.
src/pages/admin/AgricultureConsole.tsx(2,90): error TS6133: 'Bug' is declared but its value is never read.
src/pages/admin/AgricultureConsole.tsx(2,135): error TS6133: 'ShieldAlert' is declared but its value is never read.
src/pages/admin/AlertBroadcast.tsx(1,8): error TS6133: 'React' is declared but its value is never read.
src/pages/admin/Analytics.tsx(1,8): error TS6133: 'React' is declared but its value is never read.
src/pages/admin/AuditLogs.tsx(1,8): error TS6133: 'React' is declared but its value is never read.
src/pages/admin/ChatbotControl.tsx(1,8): error TS6133: 'React' is declared but its value is never read.
src/pages/admin/DistrictControl.tsx(1,8): error TS6133: 'React' is declared but its value is never read.
src/pages/admin/DistrictControl.tsx(15,7): error TS6133: 'RISK_ORDER' is declared but its value is never read.
src/pages/admin/FacilityManagement.tsx(1,8): error TS6133: 'React' is declared but its value is never read.
src/pages/admin/FacilityManagement.tsx(2,42): error TS6133: 'Users' is declared but its value is never read.
src/pages/admin/InfrastructureMonitor.tsx(1,8): error TS6133: 'React' is declared but its value is never read.
src/pages/admin/ModelControl.tsx(1,8): error TS6133: 'React' is declared but its value is never read.
src/pages/admin/ModelControl.tsx(3,10): error TS6133: 'LineChart' is declared but its value is never read.
src/pages/admin/RecoveryCommand.tsx(1,8): error TS6133: 'React' is declared but its value is never read.
src/pages/admin/ReportModeration.tsx(5,39): error TS6133: 'ReportStatus' is declared but its value is never read.
src/pages/admin/ReportModeration.tsx(19,7): error TS6133: 'SEVERITY_ORDER' is declared but its value is never read.
src/pages/admin/SituationRoom.tsx(1,8): error TS6133: 'React' is declared but its value is never read.
src/pages/admin/SystemMaintenance.tsx(4,30): error TS6133: 'Save' is declared but its value is never read.
src/pages/admin/SystemMaintenance.tsx(4,36): error TS6133: 'Edit2' is declared but its value is never read.
src/pages/admin/SystemMaintenance.tsx(5,17): error TS6133: 'Droplets' is declared but its value is never read.
src/pages/admin/SystemMaintenance.tsx(5,27): error TS6133: 'AlertTriangle' is declared but its value is never read.
src/pages/admin/tabs/AgricultureTab.tsx(1,8): error TS6133: 'React' is declared but its value is never read.
src/pages/admin/tabs/EducationTab.tsx(1,8): error TS6133: 'React' is declared but its value is never read.
src/pages/admin/tabs/HistoryTab.tsx(1,8): error TS6133: 'React' is declared but its value is never read.
src/pages/admin/tabs/HistoryTab.tsx(11,9): error TS6133: 'updateHistoryItem' is declared but its value is never read.
src/pages/admin/tabs/HistoryTab.tsx(11,58): error TS2339: Property 'updateHistoryItem' does not exist on type 'MaintenanceStore'.
src/pages/admin/tabs/RecoveryTab.tsx(1,8): error TS6133: 'React' is declared but its value is never read.
src/pages/admin/tabs/RecoveryTab.tsx(2,16): error TS6133: 'Edit2' is declared but its value is never read.
src/pages/admin/tabs/ReportsTab.tsx(1,8): error TS6133: 'React' is declared but its value is never read.
src/pages/admin/tabs/ReportsTab.tsx(23,54): error TS2339: Property 'updateReportStatus' does not exist on type 'ReportStore'.
src/pages/admin/tabs/ResourcesTab.tsx(1,8): error TS6133: 'React' is declared but its value is never read.
src/pages/admin/tabs/ResourcesTab.tsx(10,9): error TS6133: 'dashboardResources' is declared but its value is never read.
src/pages/admin/tabs/RoutesTab.tsx(1,8): error TS6133: 'React' is declared but its value is never read.
src/pages/admin/tabs/RoutesTab.tsx(7,10): error TS6133: 'newRouteName' is declared but its value is never read.
src/pages/admin/tabs/RoutesTab.tsx(7,24): error TS6133: 'setNewRouteName' is declared but its value is never read.
src/pages/admin/tabs/RoutesTab.tsx(10,9): error TS6133: 'updateEvacuationRoute' is declared but its value is never read.
src/pages/admin/tabs/SettingsTab.tsx(1,8): error TS6133: 'React' is declared but its value is never read.
src/pages/admin/tabs/SettingsTab.tsx(199,65): error TS2339: Property 'phone_number' does not exist on type '{ id: string; label: string; number: string; type: string; active: boolean; }'.
src/pages/admin/tabs/SettingsTab.tsx(201,36): error TS2339: Property 'contact_type' does not exist on type '{ id: string; label: string; number: string; type: string; active: boolean; }'.
src/pages/admin/tabs/SettingsTab.tsx(205,29): error TS2339: Property 'display_order' does not exist on type '{ id: string; label: string; number: string; type: string; active: boolean; }'.
src/pages/admin/tabs/SituationRoomTab.tsx(1,8): error TS6133: 'React' is declared but its value is never read.
src/pages/admin/tabs/SituationRoomTab.tsx(2,17): error TS6133: 'AlertTriangle' is declared but its value is never read.
src/pages/admin/tabs/SituationRoomTab.tsx(2,32): error TS6133: 'Users' is declared but its value is never read.
src/pages/admin/tabs/SituationRoomTab.tsx(2,39): error TS6133: 'TrendingUp' is declared but its value is never read.
src/pages/admin/tabs/SituationRoomTab.tsx(5,1): error TS6133: 'useAdminCentralStore' is declared but its value is never read.
src/pages/admin/tabs/SituationRoomTab.tsx(26,9): error TS6133: 'weather' is declared but its value is never read.
src/pages/admin/tabs/UsersTab.tsx(1,8): error TS6133: 'React' is declared but its value is never read.
src/pages/admin/tabs/UsersTab.tsx(2,25): error TS6133: 'Activity' is declared but its value is never read.
src/pages/admin/tabs/UsersTab.tsx(23,14): error TS2339: Property 'email' does not exist on type 'SystemUser'.
src/pages/admin/tabs/UsersTab.tsx(99,27): error TS2339: Property 'email' does not exist on type 'SystemUser'.
src/pages/admin/tabs/WeatherTab.tsx(1,8): error TS6133: 'React' is declared but its value is never read.
src/pages/admin/UserManagement.tsx(1,8): error TS6133: 'React' is declared but its value is never read.
src/pages/admin/UserManagement.tsx(2,25): error TS6133: 'Shield' is declared but its value is never read.
src/pages/CommunityReports.tsx(1,8): error TS6133: 'React' is declared but its value is never read.
src/pages/EvacuationPlanner.tsx(1,8): error TS6133: 'React' is declared but its value is never read.
src/pages/HistoricalTimeline.tsx(1,8): error TS6133: 'React' is declared but its value is never read.
src/pages/SafetyProfile.tsx(1,1): error TS6133: 'React' is declared but its value is never read.
src/pages/WhatIfLab.tsx(1,8): error TS6133: 'React' is declared but its value is never read.
src/stores/maintenanceStore.ts(32,7): error TS6133: 'SEED_EVACUATION' is declared but its value is never read.
